// Jest Snapshot v1, https://goo.gl/fbAQLP

exports[`p-data.js CLI list subcommand should list all sets listed on p-memories.com 1`] = `
"[\\"ダンジョンに出会いを求めるのは間違っているだろうかⅡ\\",\\"劇場版 ダンジョンに出会いを求めるのは間違っているだろうか ―オリオンの矢―\\",\\"初音ミク\\",\\"傷物語\\",\\"<物語>シリーズ\\",\\"<物語>シリーズ セカンドシーズン\\",\\"偽物語\\",\\"化物語\\",\\"とある科学の超電磁砲T\\",\\"とある科学の超電磁砲＆とある科学の超電磁砲Ｓ\\",\\"ネコぱら\\",\\"私、能力は平均値でって言ったよね！\\",\\"俺を好きなのはお前だけかよ\\",\\"ましろ色シンフォニー\\",\\"ゆるゆり、\\",\\"ゆるゆり　なちゅやちゅみ！\\",\\"ゆるゆり♪♪\\",\\"ゆるゆり\\",\\"ぼくたちは勉強ができない！\\",\\"劇場版「SHIROBAKO」\\",\\"SHIROBAKO\\",\\"まちカドまぞく\\",\\"ゆるキャン△\\",\\"ガールズ＆パンツァー 最終章\\",\\"ガールズ＆パンツァー　劇場版\\",\\"ガールズ＆パンツァー\\",\\"五等分の花嫁\\",\\"劇場版 ハイスクール・フリート\\",\\"ハイスクール・フリート\\",\\"グランベルム\\",\\"結城友奈は勇者である -鷲尾須美の章-/-勇者の章-\\",\\"結城友奈は勇者である\\",\\"かぐや様は告らせたい～天才たちの恋愛頭脳戦～\\",\\"がっこうぐらし！\\",\\"八月のシンデレラナイン\\",\\"Aチャンネル\\",\\"ひだまりスケッチ\\",\\"ひだまりスケッチ×ハニカム\\",\\"ハナヤマタ\\",\\"ケムリクサ\\",\\"ゾンビランドサガ\\",\\"RELEASE THE SPYCE\\",\\"SSSS.GRIDMAN\\",\\"劇場版 魔法少女まどか☆マギカ[新編]叛逆の物語\\",\\"劇場版 魔法少女まどか☆マギカ\\",\\"魔法少女まどか☆マギカ\\",\\"はたらく細胞\\",\\"ポプテピピック\\",\\"STEINS;GATE\\",\\"ハイスクールＤ×Ｄ HERO\\",\\"ハイスクールＤ×Ｄ ＢｏｒＮ\\",\\"とらドラ！\\",\\"怪獣娘（黒）\\",\\"エロマンガ先生\\",\\"ノーゲーム・ノーライフ ゼロ\\",\\"フレームアームズ・ガール\\",\\"NEW GAME!!\\",\\"NEW GAME!\\",\\"劇場版 魔法科高校の劣等生 星を呼ぶ少女\\",\\"やはり俺の青春ラブコメはまちがっている。続\\",\\"やはり俺の青春ラブコメはまちがっている。\\",\\"ハンドシェイカー\\",\\"きんいろモザイク Pretty Days\\",\\"ハロー！！きんいろモザイク\\",\\"きんいろモザイク\\",\\"学戦都市アスタリスク\\",\\"映画「けいおん！」\\",\\"けいおん！！Part.2\\",\\"けいおん！！\\",\\"けいおん！Part2\\",\\"けいおん！\\",\\"WORKING!!!\\",\\"WORKING´!!\\",\\"WORKING！！\\",\\"俺の妹がこんなに可愛いわけがない。\\",\\"俺の妹がこんなに可愛いわけがない\\",\\"ささみさん＠がんばらない\\",\\"咲-Saki- 全国編\\",\\"恋愛ラボ\\",\\"あの日見た花の名前を僕達はまだ知らない。\\",\\"冴えない彼女の育てかた\\",\\"カードキャプターさくら\\",\\"百花繚乱 サムライブライド\\",\\"百花繚乱 サムライガールズ\\",\\"アマガミSS+ plus\\",\\"みなみけ\\",\\"俺の彼女と幼なじみが修羅場すぎる\\",\\"さくら荘のペットな彼女\\",\\"魔法使いの夜\\",\\"恋と選挙とチョコレート\\",\\"ココロコネクト\\",\\"生徒会の一存 Lv.2\\",\\"AKB0048\\",\\"夏色キセキ\\",\\"侵略!?イカ娘\\",\\"侵略！イカ娘\\",\\"神様のメモ帳\\",\\"カーニバル・ファンタズム\\",\\"まよチキ！\\",\\"電波女と青春男\\",\\"オオカミさんと七人の仲間たち\\",\\"刀語\\",\\"ClariS\\"]
"
`;
